// Jest Snapshot v1, https://jestjs.io/docs/snapshot-testing

exports[`renders correctly 1`] = `
.emotion-0 {
  font: var(--echoes-typography-others-helper-text);
  color: var(--echoes-color-text-subtle);
  max-width: var(--echoes-sizes-typography-max-width-default);
}

<div>
  <div>
    <div
      class="emotion-0 emotion-1"
    >
      The helper text
    </div>
  </div>
  <section
    aria-atomic="false"
    aria-label="Focus toasts messages with alt+T"
    aria-live="polite"
    aria-relevant="additions text"
    tabindex="-1"
  />
</div>
`;
