// Jest Snapshot v1, https://goo.gl/fbAQLP

exports[`renders correctly 1`] = `
.emotion-0 {
  font: var(--echoes-typography-others-helper-text);
  color: var(--echoes-color-text-subdued);
  max-width: var(--echoes-sizes-typography-max-width-default);
}

<div>
  <div
    class="emotion-0 emotion-1"
  >
    The helper text
  </div>
  <section
    aria-atomic="false"
    aria-label="Focus toasts messages with alt+T"
    aria-live="polite"
    aria-relevant="additions text"
    tabindex="-1"
  />
</div>
`;
