// Jest Snapshot v1, https://jestjs.io/docs/snapshot-testing

exports[`default & regular renders as default 1`] = `
.emotion-0 {
  max-width: var(--echoes-sizes-typography-max-width-default);
  font: var(--echoes-typography-text-default-regular);
  color: var(--echoes-color-text-default);
}

.emotion-0 ul,
.emotion-0:is(ul) {
  list-style-type: disc;
}

.emotion-0 ol,
.emotion-0:is(ol) {
  list-style-type: decimal;
}

.emotion-0 ul,
.emotion-0 ol,
.emotion-0:is(ul, ol) {
  margin-block-start: var(--echoes-dimension-space-100);
  margin-block-end: 0;
  -webkit-padding-start: 28px;
  padding-inline-start: 28px;
  display: -webkit-box;
  display: -webkit-flex;
  display: -ms-flexbox;
  display: flex;
  -webkit-flex-direction: column;
  -ms-flex-direction: column;
  flex-direction: column;
  gap: var(--echoes-dimension-space-100);
}

.emotion-0 strong,
.emotion-0 b,
.emotion-0:is(strong, b) {
  font-weight: var(--echoes-font-weight-bold);
}

.emotion-0 em,
.emotion-0 i,
.emotion-0:is(em, i) {
  font-style: var(--echoes-font-weight-italic-style);
}

<span
  class="emotion-0 emotion-1"
>
  hi there
</span>
`;

exports[`default & regular renders as div 1`] = `
.emotion-0 {
  max-width: var(--echoes-sizes-typography-max-width-default);
  font: var(--echoes-typography-text-default-regular);
  color: var(--echoes-color-text-default);
}

.emotion-0 ul,
.emotion-0:is(ul) {
  list-style-type: disc;
}

.emotion-0 ol,
.emotion-0:is(ol) {
  list-style-type: decimal;
}

.emotion-0 ul,
.emotion-0 ol,
.emotion-0:is(ul, ol) {
  margin-block-start: var(--echoes-dimension-space-100);
  margin-block-end: 0;
  -webkit-padding-start: 28px;
  padding-inline-start: 28px;
  display: -webkit-box;
  display: -webkit-flex;
  display: -ms-flexbox;
  display: flex;
  -webkit-flex-direction: column;
  -ms-flex-direction: column;
  flex-direction: column;
  gap: var(--echoes-dimension-space-100);
}

.emotion-0 strong,
.emotion-0 b,
.emotion-0:is(strong, b) {
  font-weight: var(--echoes-font-weight-bold);
}

.emotion-0 em,
.emotion-0 i,
.emotion-0:is(em, i) {
  font-style: var(--echoes-font-weight-italic-style);
}

<div
  class="emotion-0 emotion-1"
>
  hi there
</div>
`;

exports[`default & regular renders as paragraph 1`] = `
.emotion-0 {
  max-width: var(--echoes-sizes-typography-max-width-default);
  font: var(--echoes-typography-text-default-regular);
  color: var(--echoes-color-text-default);
}

.emotion-0 ul,
.emotion-0:is(ul) {
  list-style-type: disc;
}

.emotion-0 ol,
.emotion-0:is(ol) {
  list-style-type: decimal;
}

.emotion-0 ul,
.emotion-0 ol,
.emotion-0:is(ul, ol) {
  margin-block-start: var(--echoes-dimension-space-100);
  margin-block-end: 0;
  -webkit-padding-start: 28px;
  padding-inline-start: 28px;
  display: -webkit-box;
  display: -webkit-flex;
  display: -ms-flexbox;
  display: flex;
  -webkit-flex-direction: column;
  -ms-flex-direction: column;
  flex-direction: column;
  gap: var(--echoes-dimension-space-100);
}

.emotion-0 strong,
.emotion-0 b,
.emotion-0:is(strong, b) {
  font-weight: var(--echoes-font-weight-bold);
}

.emotion-0 em,
.emotion-0 i,
.emotion-0:is(em, i) {
  font-style: var(--echoes-font-weight-italic-style);
}

<p
  class="emotion-0 emotion-1"
>
  hi there
</p>
`;

exports[`default & regular renders as span 1`] = `
.emotion-0 {
  max-width: var(--echoes-sizes-typography-max-width-default);
  font: var(--echoes-typography-text-default-regular);
  color: var(--echoes-color-text-default);
}

.emotion-0 ul,
.emotion-0:is(ul) {
  list-style-type: disc;
}

.emotion-0 ol,
.emotion-0:is(ol) {
  list-style-type: decimal;
}

.emotion-0 ul,
.emotion-0 ol,
.emotion-0:is(ul, ol) {
  margin-block-start: var(--echoes-dimension-space-100);
  margin-block-end: 0;
  -webkit-padding-start: 28px;
  padding-inline-start: 28px;
  display: -webkit-box;
  display: -webkit-flex;
  display: -ms-flexbox;
  display: flex;
  -webkit-flex-direction: column;
  -ms-flex-direction: column;
  flex-direction: column;
  gap: var(--echoes-dimension-space-100);
}

.emotion-0 strong,
.emotion-0 b,
.emotion-0:is(strong, b) {
  font-weight: var(--echoes-font-weight-bold);
}

.emotion-0 em,
.emotion-0 i,
.emotion-0:is(em, i) {
  font-style: var(--echoes-font-weight-italic-style);
}

<span
  class="emotion-0 emotion-1"
>
  hi there
</span>
`;

exports[`default & regular renders with size default 1`] = `
.emotion-0 {
  max-width: var(--echoes-sizes-typography-max-width-default);
  font: var(--echoes-typography-text-default-regular);
  color: var(--echoes-color-text-default);
}

.emotion-0 ul,
.emotion-0:is(ul) {
  list-style-type: disc;
}

.emotion-0 ol,
.emotion-0:is(ol) {
  list-style-type: decimal;
}

.emotion-0 ul,
.emotion-0 ol,
.emotion-0:is(ul, ol) {
  margin-block-start: var(--echoes-dimension-space-100);
  margin-block-end: 0;
  -webkit-padding-start: 28px;
  padding-inline-start: 28px;
  display: -webkit-box;
  display: -webkit-flex;
  display: -ms-flexbox;
  display: flex;
  -webkit-flex-direction: column;
  -ms-flex-direction: column;
  flex-direction: column;
  gap: var(--echoes-dimension-space-100);
}

.emotion-0 strong,
.emotion-0 b,
.emotion-0:is(strong, b) {
  font-weight: var(--echoes-font-weight-bold);
}

.emotion-0 em,
.emotion-0 i,
.emotion-0:is(em, i) {
  font-style: var(--echoes-font-weight-italic-style);
}

<span
  class="emotion-0 emotion-1"
>
  hi there
</span>
`;

exports[`default & regular renders with size large 1`] = `
.emotion-0 {
  max-width: var(--echoes-sizes-typography-max-width-default);
  font: var(--echoes-typography-text-large-regular);
  color: var(--echoes-color-text-default);
}

.emotion-0 ul,
.emotion-0:is(ul) {
  list-style-type: disc;
}

.emotion-0 ol,
.emotion-0:is(ol) {
  list-style-type: decimal;
}

.emotion-0 ul,
.emotion-0 ol,
.emotion-0:is(ul, ol) {
  margin-block-start: var(--echoes-dimension-space-100);
  margin-block-end: 0;
  -webkit-padding-start: 28px;
  padding-inline-start: 28px;
  display: -webkit-box;
  display: -webkit-flex;
  display: -ms-flexbox;
  display: flex;
  -webkit-flex-direction: column;
  -ms-flex-direction: column;
  flex-direction: column;
  gap: var(--echoes-dimension-space-100);
}

.emotion-0 strong,
.emotion-0 b,
.emotion-0:is(strong, b) {
  font-weight: var(--echoes-font-weight-bold);
}

.emotion-0 em,
.emotion-0 i,
.emotion-0:is(em, i) {
  font-style: var(--echoes-font-weight-italic-style);
}

<span
  class="emotion-0 emotion-1"
>
  hi there
</span>
`;

exports[`default & regular renders with size small 1`] = `
.emotion-0 {
  max-width: var(--echoes-sizes-typography-max-width-default);
  font: var(--echoes-typography-text-small-regular);
  color: var(--echoes-color-text-default);
}

.emotion-0 ul,
.emotion-0:is(ul) {
  list-style-type: disc;
}

.emotion-0 ol,
.emotion-0:is(ol) {
  list-style-type: decimal;
}

.emotion-0 ul,
.emotion-0 ol,
.emotion-0:is(ul, ol) {
  margin-block-start: var(--echoes-dimension-space-100);
  margin-block-end: 0;
  -webkit-padding-start: 28px;
  padding-inline-start: 28px;
  display: -webkit-box;
  display: -webkit-flex;
  display: -ms-flexbox;
  display: flex;
  -webkit-flex-direction: column;
  -ms-flex-direction: column;
  flex-direction: column;
  gap: var(--echoes-dimension-space-100);
}

.emotion-0 strong,
.emotion-0 b,
.emotion-0:is(strong, b) {
  font-weight: var(--echoes-font-weight-bold);
}

.emotion-0 em,
.emotion-0 i,
.emotion-0:is(em, i) {
  font-style: var(--echoes-font-weight-italic-style);
}

<span
  class="emotion-0 emotion-1"
>
  hi there
</span>
`;

exports[`default & strong renders as default 1`] = `
.emotion-0 {
  max-width: var(--echoes-sizes-typography-max-width-default);
  font: var(--echoes-typography-text-default-semi-bold);
  color: var(--echoes-color-text-default);
}

.emotion-0 ul,
.emotion-0:is(ul) {
  list-style-type: disc;
}

.emotion-0 ol,
.emotion-0:is(ol) {
  list-style-type: decimal;
}

.emotion-0 ul,
.emotion-0 ol,
.emotion-0:is(ul, ol) {
  margin-block-start: var(--echoes-dimension-space-100);
  margin-block-end: 0;
  -webkit-padding-start: 28px;
  padding-inline-start: 28px;
  display: -webkit-box;
  display: -webkit-flex;
  display: -ms-flexbox;
  display: flex;
  -webkit-flex-direction: column;
  -ms-flex-direction: column;
  flex-direction: column;
  gap: var(--echoes-dimension-space-100);
}

.emotion-0 strong,
.emotion-0 b,
.emotion-0:is(strong, b) {
  font-weight: var(--echoes-font-weight-bold);
}

.emotion-0 em,
.emotion-0 i,
.emotion-0:is(em, i) {
  font-style: var(--echoes-font-weight-italic-style);
}

<span
  class="emotion-0 emotion-1"
>
  hi there
</span>
`;

exports[`default & strong renders as div 1`] = `
.emotion-0 {
  max-width: var(--echoes-sizes-typography-max-width-default);
  font: var(--echoes-typography-text-default-semi-bold);
  color: var(--echoes-color-text-default);
}

.emotion-0 ul,
.emotion-0:is(ul) {
  list-style-type: disc;
}

.emotion-0 ol,
.emotion-0:is(ol) {
  list-style-type: decimal;
}

.emotion-0 ul,
.emotion-0 ol,
.emotion-0:is(ul, ol) {
  margin-block-start: var(--echoes-dimension-space-100);
  margin-block-end: 0;
  -webkit-padding-start: 28px;
  padding-inline-start: 28px;
  display: -webkit-box;
  display: -webkit-flex;
  display: -ms-flexbox;
  display: flex;
  -webkit-flex-direction: column;
  -ms-flex-direction: column;
  flex-direction: column;
  gap: var(--echoes-dimension-space-100);
}

.emotion-0 strong,
.emotion-0 b,
.emotion-0:is(strong, b) {
  font-weight: var(--echoes-font-weight-bold);
}

.emotion-0 em,
.emotion-0 i,
.emotion-0:is(em, i) {
  font-style: var(--echoes-font-weight-italic-style);
}

<div
  class="emotion-0 emotion-1"
>
  hi there
</div>
`;

exports[`default & strong renders as paragraph 1`] = `
.emotion-0 {
  max-width: var(--echoes-sizes-typography-max-width-default);
  font: var(--echoes-typography-text-default-semi-bold);
  color: var(--echoes-color-text-default);
}

.emotion-0 ul,
.emotion-0:is(ul) {
  list-style-type: disc;
}

.emotion-0 ol,
.emotion-0:is(ol) {
  list-style-type: decimal;
}

.emotion-0 ul,
.emotion-0 ol,
.emotion-0:is(ul, ol) {
  margin-block-start: var(--echoes-dimension-space-100);
  margin-block-end: 0;
  -webkit-padding-start: 28px;
  padding-inline-start: 28px;
  display: -webkit-box;
  display: -webkit-flex;
  display: -ms-flexbox;
  display: flex;
  -webkit-flex-direction: column;
  -ms-flex-direction: column;
  flex-direction: column;
  gap: var(--echoes-dimension-space-100);
}

.emotion-0 strong,
.emotion-0 b,
.emotion-0:is(strong, b) {
  font-weight: var(--echoes-font-weight-bold);
}

.emotion-0 em,
.emotion-0 i,
.emotion-0:is(em, i) {
  font-style: var(--echoes-font-weight-italic-style);
}

<p
  class="emotion-0 emotion-1"
>
  hi there
</p>
`;

exports[`default & strong renders as span 1`] = `
.emotion-0 {
  max-width: var(--echoes-sizes-typography-max-width-default);
  font: var(--echoes-typography-text-default-semi-bold);
  color: var(--echoes-color-text-default);
}

.emotion-0 ul,
.emotion-0:is(ul) {
  list-style-type: disc;
}

.emotion-0 ol,
.emotion-0:is(ol) {
  list-style-type: decimal;
}

.emotion-0 ul,
.emotion-0 ol,
.emotion-0:is(ul, ol) {
  margin-block-start: var(--echoes-dimension-space-100);
  margin-block-end: 0;
  -webkit-padding-start: 28px;
  padding-inline-start: 28px;
  display: -webkit-box;
  display: -webkit-flex;
  display: -ms-flexbox;
  display: flex;
  -webkit-flex-direction: column;
  -ms-flex-direction: column;
  flex-direction: column;
  gap: var(--echoes-dimension-space-100);
}

.emotion-0 strong,
.emotion-0 b,
.emotion-0:is(strong, b) {
  font-weight: var(--echoes-font-weight-bold);
}

.emotion-0 em,
.emotion-0 i,
.emotion-0:is(em, i) {
  font-style: var(--echoes-font-weight-italic-style);
}

<span
  class="emotion-0 emotion-1"
>
  hi there
</span>
`;

exports[`default & strong renders with size default 1`] = `
.emotion-0 {
  max-width: var(--echoes-sizes-typography-max-width-default);
  font: var(--echoes-typography-text-default-semi-bold);
  color: var(--echoes-color-text-default);
}

.emotion-0 ul,
.emotion-0:is(ul) {
  list-style-type: disc;
}

.emotion-0 ol,
.emotion-0:is(ol) {
  list-style-type: decimal;
}

.emotion-0 ul,
.emotion-0 ol,
.emotion-0:is(ul, ol) {
  margin-block-start: var(--echoes-dimension-space-100);
  margin-block-end: 0;
  -webkit-padding-start: 28px;
  padding-inline-start: 28px;
  display: -webkit-box;
  display: -webkit-flex;
  display: -ms-flexbox;
  display: flex;
  -webkit-flex-direction: column;
  -ms-flex-direction: column;
  flex-direction: column;
  gap: var(--echoes-dimension-space-100);
}

.emotion-0 strong,
.emotion-0 b,
.emotion-0:is(strong, b) {
  font-weight: var(--echoes-font-weight-bold);
}

.emotion-0 em,
.emotion-0 i,
.emotion-0:is(em, i) {
  font-style: var(--echoes-font-weight-italic-style);
}

<span
  class="emotion-0 emotion-1"
>
  hi there
</span>
`;

exports[`default & strong renders with size large 1`] = `
.emotion-0 {
  max-width: var(--echoes-sizes-typography-max-width-default);
  font: var(--echoes-typography-text-large-semi-bold);
  color: var(--echoes-color-text-default);
}

.emotion-0 ul,
.emotion-0:is(ul) {
  list-style-type: disc;
}

.emotion-0 ol,
.emotion-0:is(ol) {
  list-style-type: decimal;
}

.emotion-0 ul,
.emotion-0 ol,
.emotion-0:is(ul, ol) {
  margin-block-start: var(--echoes-dimension-space-100);
  margin-block-end: 0;
  -webkit-padding-start: 28px;
  padding-inline-start: 28px;
  display: -webkit-box;
  display: -webkit-flex;
  display: -ms-flexbox;
  display: flex;
  -webkit-flex-direction: column;
  -ms-flex-direction: column;
  flex-direction: column;
  gap: var(--echoes-dimension-space-100);
}

.emotion-0 strong,
.emotion-0 b,
.emotion-0:is(strong, b) {
  font-weight: var(--echoes-font-weight-bold);
}

.emotion-0 em,
.emotion-0 i,
.emotion-0:is(em, i) {
  font-style: var(--echoes-font-weight-italic-style);
}

<span
  class="emotion-0 emotion-1"
>
  hi there
</span>
`;

exports[`default & strong renders with size small 1`] = `
.emotion-0 {
  max-width: var(--echoes-sizes-typography-max-width-default);
  font: var(--echoes-typography-text-small-semi-bold);
  color: var(--echoes-color-text-default);
}

.emotion-0 ul,
.emotion-0:is(ul) {
  list-style-type: disc;
}

.emotion-0 ol,
.emotion-0:is(ol) {
  list-style-type: decimal;
}

.emotion-0 ul,
.emotion-0 ol,
.emotion-0:is(ul, ol) {
  margin-block-start: var(--echoes-dimension-space-100);
  margin-block-end: 0;
  -webkit-padding-start: 28px;
  padding-inline-start: 28px;
  display: -webkit-box;
  display: -webkit-flex;
  display: -ms-flexbox;
  display: flex;
  -webkit-flex-direction: column;
  -ms-flex-direction: column;
  flex-direction: column;
  gap: var(--echoes-dimension-space-100);
}

.emotion-0 strong,
.emotion-0 b,
.emotion-0:is(strong, b) {
  font-weight: var(--echoes-font-weight-bold);
}

.emotion-0 em,
.emotion-0 i,
.emotion-0:is(em, i) {
  font-style: var(--echoes-font-weight-italic-style);
}

<span
  class="emotion-0 emotion-1"
>
  hi there
</span>
`;

exports[`subtle & regular renders as default 1`] = `
.emotion-0 {
  max-width: var(--echoes-sizes-typography-max-width-default);
  font: var(--echoes-typography-text-default-regular);
  color: var(--echoes-color-text-subtle);
}

.emotion-0 ul,
.emotion-0:is(ul) {
  list-style-type: disc;
}

.emotion-0 ol,
.emotion-0:is(ol) {
  list-style-type: decimal;
}

.emotion-0 ul,
.emotion-0 ol,
.emotion-0:is(ul, ol) {
  margin-block-start: var(--echoes-dimension-space-100);
  margin-block-end: 0;
  -webkit-padding-start: 28px;
  padding-inline-start: 28px;
  display: -webkit-box;
  display: -webkit-flex;
  display: -ms-flexbox;
  display: flex;
  -webkit-flex-direction: column;
  -ms-flex-direction: column;
  flex-direction: column;
  gap: var(--echoes-dimension-space-100);
}

.emotion-0 strong,
.emotion-0 b,
.emotion-0:is(strong, b) {
  font-weight: var(--echoes-font-weight-bold);
}

.emotion-0 em,
.emotion-0 i,
.emotion-0:is(em, i) {
  font-style: var(--echoes-font-weight-italic-style);
}

<span
  class="emotion-0 emotion-1"
>
  hi there
</span>
`;

exports[`subtle & regular renders as div 1`] = `
.emotion-0 {
  max-width: var(--echoes-sizes-typography-max-width-default);
  font: var(--echoes-typography-text-default-regular);
  color: var(--echoes-color-text-subtle);
}

.emotion-0 ul,
.emotion-0:is(ul) {
  list-style-type: disc;
}

.emotion-0 ol,
.emotion-0:is(ol) {
  list-style-type: decimal;
}

.emotion-0 ul,
.emotion-0 ol,
.emotion-0:is(ul, ol) {
  margin-block-start: var(--echoes-dimension-space-100);
  margin-block-end: 0;
  -webkit-padding-start: 28px;
  padding-inline-start: 28px;
  display: -webkit-box;
  display: -webkit-flex;
  display: -ms-flexbox;
  display: flex;
  -webkit-flex-direction: column;
  -ms-flex-direction: column;
  flex-direction: column;
  gap: var(--echoes-dimension-space-100);
}

.emotion-0 strong,
.emotion-0 b,
.emotion-0:is(strong, b) {
  font-weight: var(--echoes-font-weight-bold);
}

.emotion-0 em,
.emotion-0 i,
.emotion-0:is(em, i) {
  font-style: var(--echoes-font-weight-italic-style);
}

<div
  class="emotion-0 emotion-1"
>
  hi there
</div>
`;

exports[`subtle & regular renders as paragraph 1`] = `
.emotion-0 {
  max-width: var(--echoes-sizes-typography-max-width-default);
  font: var(--echoes-typography-text-default-regular);
  color: var(--echoes-color-text-subtle);
}

.emotion-0 ul,
.emotion-0:is(ul) {
  list-style-type: disc;
}

.emotion-0 ol,
.emotion-0:is(ol) {
  list-style-type: decimal;
}

.emotion-0 ul,
.emotion-0 ol,
.emotion-0:is(ul, ol) {
  margin-block-start: var(--echoes-dimension-space-100);
  margin-block-end: 0;
  -webkit-padding-start: 28px;
  padding-inline-start: 28px;
  display: -webkit-box;
  display: -webkit-flex;
  display: -ms-flexbox;
  display: flex;
  -webkit-flex-direction: column;
  -ms-flex-direction: column;
  flex-direction: column;
  gap: var(--echoes-dimension-space-100);
}

.emotion-0 strong,
.emotion-0 b,
.emotion-0:is(strong, b) {
  font-weight: var(--echoes-font-weight-bold);
}

.emotion-0 em,
.emotion-0 i,
.emotion-0:is(em, i) {
  font-style: var(--echoes-font-weight-italic-style);
}

<p
  class="emotion-0 emotion-1"
>
  hi there
</p>
`;

exports[`subtle & regular renders as span 1`] = `
.emotion-0 {
  max-width: var(--echoes-sizes-typography-max-width-default);
  font: var(--echoes-typography-text-default-regular);
  color: var(--echoes-color-text-subtle);
}

.emotion-0 ul,
.emotion-0:is(ul) {
  list-style-type: disc;
}

.emotion-0 ol,
.emotion-0:is(ol) {
  list-style-type: decimal;
}

.emotion-0 ul,
.emotion-0 ol,
.emotion-0:is(ul, ol) {
  margin-block-start: var(--echoes-dimension-space-100);
  margin-block-end: 0;
  -webkit-padding-start: 28px;
  padding-inline-start: 28px;
  display: -webkit-box;
  display: -webkit-flex;
  display: -ms-flexbox;
  display: flex;
  -webkit-flex-direction: column;
  -ms-flex-direction: column;
  flex-direction: column;
  gap: var(--echoes-dimension-space-100);
}

.emotion-0 strong,
.emotion-0 b,
.emotion-0:is(strong, b) {
  font-weight: var(--echoes-font-weight-bold);
}

.emotion-0 em,
.emotion-0 i,
.emotion-0:is(em, i) {
  font-style: var(--echoes-font-weight-italic-style);
}

<span
  class="emotion-0 emotion-1"
>
  hi there
</span>
`;

exports[`subtle & regular renders with size default 1`] = `
.emotion-0 {
  max-width: var(--echoes-sizes-typography-max-width-default);
  font: var(--echoes-typography-text-default-regular);
  color: var(--echoes-color-text-subtle);
}

.emotion-0 ul,
.emotion-0:is(ul) {
  list-style-type: disc;
}

.emotion-0 ol,
.emotion-0:is(ol) {
  list-style-type: decimal;
}

.emotion-0 ul,
.emotion-0 ol,
.emotion-0:is(ul, ol) {
  margin-block-start: var(--echoes-dimension-space-100);
  margin-block-end: 0;
  -webkit-padding-start: 28px;
  padding-inline-start: 28px;
  display: -webkit-box;
  display: -webkit-flex;
  display: -ms-flexbox;
  display: flex;
  -webkit-flex-direction: column;
  -ms-flex-direction: column;
  flex-direction: column;
  gap: var(--echoes-dimension-space-100);
}

.emotion-0 strong,
.emotion-0 b,
.emotion-0:is(strong, b) {
  font-weight: var(--echoes-font-weight-bold);
}

.emotion-0 em,
.emotion-0 i,
.emotion-0:is(em, i) {
  font-style: var(--echoes-font-weight-italic-style);
}

<span
  class="emotion-0 emotion-1"
>
  hi there
</span>
`;

exports[`subtle & regular renders with size large 1`] = `
.emotion-0 {
  max-width: var(--echoes-sizes-typography-max-width-default);
  font: var(--echoes-typography-text-large-regular);
  color: var(--echoes-color-text-subtle);
}

.emotion-0 ul,
.emotion-0:is(ul) {
  list-style-type: disc;
}

.emotion-0 ol,
.emotion-0:is(ol) {
  list-style-type: decimal;
}

.emotion-0 ul,
.emotion-0 ol,
.emotion-0:is(ul, ol) {
  margin-block-start: var(--echoes-dimension-space-100);
  margin-block-end: 0;
  -webkit-padding-start: 28px;
  padding-inline-start: 28px;
  display: -webkit-box;
  display: -webkit-flex;
  display: -ms-flexbox;
  display: flex;
  -webkit-flex-direction: column;
  -ms-flex-direction: column;
  flex-direction: column;
  gap: var(--echoes-dimension-space-100);
}

.emotion-0 strong,
.emotion-0 b,
.emotion-0:is(strong, b) {
  font-weight: var(--echoes-font-weight-bold);
}

.emotion-0 em,
.emotion-0 i,
.emotion-0:is(em, i) {
  font-style: var(--echoes-font-weight-italic-style);
}

<span
  class="emotion-0 emotion-1"
>
  hi there
</span>
`;

exports[`subtle & regular renders with size small 1`] = `
.emotion-0 {
  max-width: var(--echoes-sizes-typography-max-width-default);
  font: var(--echoes-typography-text-small-regular);
  color: var(--echoes-color-text-subtle);
}

.emotion-0 ul,
.emotion-0:is(ul) {
  list-style-type: disc;
}

.emotion-0 ol,
.emotion-0:is(ol) {
  list-style-type: decimal;
}

.emotion-0 ul,
.emotion-0 ol,
.emotion-0:is(ul, ol) {
  margin-block-start: var(--echoes-dimension-space-100);
  margin-block-end: 0;
  -webkit-padding-start: 28px;
  padding-inline-start: 28px;
  display: -webkit-box;
  display: -webkit-flex;
  display: -ms-flexbox;
  display: flex;
  -webkit-flex-direction: column;
  -ms-flex-direction: column;
  flex-direction: column;
  gap: var(--echoes-dimension-space-100);
}

.emotion-0 strong,
.emotion-0 b,
.emotion-0:is(strong, b) {
  font-weight: var(--echoes-font-weight-bold);
}

.emotion-0 em,
.emotion-0 i,
.emotion-0:is(em, i) {
  font-style: var(--echoes-font-weight-italic-style);
}

<span
  class="emotion-0 emotion-1"
>
  hi there
</span>
`;

exports[`subtle & strong renders as default 1`] = `
.emotion-0 {
  max-width: var(--echoes-sizes-typography-max-width-default);
  font: var(--echoes-typography-text-default-semi-bold);
  color: var(--echoes-color-text-subtle);
}

.emotion-0 ul,
.emotion-0:is(ul) {
  list-style-type: disc;
}

.emotion-0 ol,
.emotion-0:is(ol) {
  list-style-type: decimal;
}

.emotion-0 ul,
.emotion-0 ol,
.emotion-0:is(ul, ol) {
  margin-block-start: var(--echoes-dimension-space-100);
  margin-block-end: 0;
  -webkit-padding-start: 28px;
  padding-inline-start: 28px;
  display: -webkit-box;
  display: -webkit-flex;
  display: -ms-flexbox;
  display: flex;
  -webkit-flex-direction: column;
  -ms-flex-direction: column;
  flex-direction: column;
  gap: var(--echoes-dimension-space-100);
}

.emotion-0 strong,
.emotion-0 b,
.emotion-0:is(strong, b) {
  font-weight: var(--echoes-font-weight-bold);
}

.emotion-0 em,
.emotion-0 i,
.emotion-0:is(em, i) {
  font-style: var(--echoes-font-weight-italic-style);
}

<span
  class="emotion-0 emotion-1"
>
  hi there
</span>
`;

exports[`subtle & strong renders as div 1`] = `
.emotion-0 {
  max-width: var(--echoes-sizes-typography-max-width-default);
  font: var(--echoes-typography-text-default-semi-bold);
  color: var(--echoes-color-text-subtle);
}

.emotion-0 ul,
.emotion-0:is(ul) {
  list-style-type: disc;
}

.emotion-0 ol,
.emotion-0:is(ol) {
  list-style-type: decimal;
}

.emotion-0 ul,
.emotion-0 ol,
.emotion-0:is(ul, ol) {
  margin-block-start: var(--echoes-dimension-space-100);
  margin-block-end: 0;
  -webkit-padding-start: 28px;
  padding-inline-start: 28px;
  display: -webkit-box;
  display: -webkit-flex;
  display: -ms-flexbox;
  display: flex;
  -webkit-flex-direction: column;
  -ms-flex-direction: column;
  flex-direction: column;
  gap: var(--echoes-dimension-space-100);
}

.emotion-0 strong,
.emotion-0 b,
.emotion-0:is(strong, b) {
  font-weight: var(--echoes-font-weight-bold);
}

.emotion-0 em,
.emotion-0 i,
.emotion-0:is(em, i) {
  font-style: var(--echoes-font-weight-italic-style);
}

<div
  class="emotion-0 emotion-1"
>
  hi there
</div>
`;

exports[`subtle & strong renders as paragraph 1`] = `
.emotion-0 {
  max-width: var(--echoes-sizes-typography-max-width-default);
  font: var(--echoes-typography-text-default-semi-bold);
  color: var(--echoes-color-text-subtle);
}

.emotion-0 ul,
.emotion-0:is(ul) {
  list-style-type: disc;
}

.emotion-0 ol,
.emotion-0:is(ol) {
  list-style-type: decimal;
}

.emotion-0 ul,
.emotion-0 ol,
.emotion-0:is(ul, ol) {
  margin-block-start: var(--echoes-dimension-space-100);
  margin-block-end: 0;
  -webkit-padding-start: 28px;
  padding-inline-start: 28px;
  display: -webkit-box;
  display: -webkit-flex;
  display: -ms-flexbox;
  display: flex;
  -webkit-flex-direction: column;
  -ms-flex-direction: column;
  flex-direction: column;
  gap: var(--echoes-dimension-space-100);
}

.emotion-0 strong,
.emotion-0 b,
.emotion-0:is(strong, b) {
  font-weight: var(--echoes-font-weight-bold);
}

.emotion-0 em,
.emotion-0 i,
.emotion-0:is(em, i) {
  font-style: var(--echoes-font-weight-italic-style);
}

<p
  class="emotion-0 emotion-1"
>
  hi there
</p>
`;

exports[`subtle & strong renders as span 1`] = `
.emotion-0 {
  max-width: var(--echoes-sizes-typography-max-width-default);
  font: var(--echoes-typography-text-default-semi-bold);
  color: var(--echoes-color-text-subtle);
}

.emotion-0 ul,
.emotion-0:is(ul) {
  list-style-type: disc;
}

.emotion-0 ol,
.emotion-0:is(ol) {
  list-style-type: decimal;
}

.emotion-0 ul,
.emotion-0 ol,
.emotion-0:is(ul, ol) {
  margin-block-start: var(--echoes-dimension-space-100);
  margin-block-end: 0;
  -webkit-padding-start: 28px;
  padding-inline-start: 28px;
  display: -webkit-box;
  display: -webkit-flex;
  display: -ms-flexbox;
  display: flex;
  -webkit-flex-direction: column;
  -ms-flex-direction: column;
  flex-direction: column;
  gap: var(--echoes-dimension-space-100);
}

.emotion-0 strong,
.emotion-0 b,
.emotion-0:is(strong, b) {
  font-weight: var(--echoes-font-weight-bold);
}

.emotion-0 em,
.emotion-0 i,
.emotion-0:is(em, i) {
  font-style: var(--echoes-font-weight-italic-style);
}

<span
  class="emotion-0 emotion-1"
>
  hi there
</span>
`;

exports[`subtle & strong renders with size default 1`] = `
.emotion-0 {
  max-width: var(--echoes-sizes-typography-max-width-default);
  font: var(--echoes-typography-text-default-semi-bold);
  color: var(--echoes-color-text-subtle);
}

.emotion-0 ul,
.emotion-0:is(ul) {
  list-style-type: disc;
}

.emotion-0 ol,
.emotion-0:is(ol) {
  list-style-type: decimal;
}

.emotion-0 ul,
.emotion-0 ol,
.emotion-0:is(ul, ol) {
  margin-block-start: var(--echoes-dimension-space-100);
  margin-block-end: 0;
  -webkit-padding-start: 28px;
  padding-inline-start: 28px;
  display: -webkit-box;
  display: -webkit-flex;
  display: -ms-flexbox;
  display: flex;
  -webkit-flex-direction: column;
  -ms-flex-direction: column;
  flex-direction: column;
  gap: var(--echoes-dimension-space-100);
}

.emotion-0 strong,
.emotion-0 b,
.emotion-0:is(strong, b) {
  font-weight: var(--echoes-font-weight-bold);
}

.emotion-0 em,
.emotion-0 i,
.emotion-0:is(em, i) {
  font-style: var(--echoes-font-weight-italic-style);
}

<span
  class="emotion-0 emotion-1"
>
  hi there
</span>
`;

exports[`subtle & strong renders with size large 1`] = `
.emotion-0 {
  max-width: var(--echoes-sizes-typography-max-width-default);
  font: var(--echoes-typography-text-large-semi-bold);
  color: var(--echoes-color-text-subtle);
}

.emotion-0 ul,
.emotion-0:is(ul) {
  list-style-type: disc;
}

.emotion-0 ol,
.emotion-0:is(ol) {
  list-style-type: decimal;
}

.emotion-0 ul,
.emotion-0 ol,
.emotion-0:is(ul, ol) {
  margin-block-start: var(--echoes-dimension-space-100);
  margin-block-end: 0;
  -webkit-padding-start: 28px;
  padding-inline-start: 28px;
  display: -webkit-box;
  display: -webkit-flex;
  display: -ms-flexbox;
  display: flex;
  -webkit-flex-direction: column;
  -ms-flex-direction: column;
  flex-direction: column;
  gap: var(--echoes-dimension-space-100);
}

.emotion-0 strong,
.emotion-0 b,
.emotion-0:is(strong, b) {
  font-weight: var(--echoes-font-weight-bold);
}

.emotion-0 em,
.emotion-0 i,
.emotion-0:is(em, i) {
  font-style: var(--echoes-font-weight-italic-style);
}

<span
  class="emotion-0 emotion-1"
>
  hi there
</span>
`;

exports[`subtle & strong renders with size small 1`] = `
.emotion-0 {
  max-width: var(--echoes-sizes-typography-max-width-default);
  font: var(--echoes-typography-text-small-semi-bold);
  color: var(--echoes-color-text-subtle);
}

.emotion-0 ul,
.emotion-0:is(ul) {
  list-style-type: disc;
}

.emotion-0 ol,
.emotion-0:is(ol) {
  list-style-type: decimal;
}

.emotion-0 ul,
.emotion-0 ol,
.emotion-0:is(ul, ol) {
  margin-block-start: var(--echoes-dimension-space-100);
  margin-block-end: 0;
  -webkit-padding-start: 28px;
  padding-inline-start: 28px;
  display: -webkit-box;
  display: -webkit-flex;
  display: -ms-flexbox;
  display: flex;
  -webkit-flex-direction: column;
  -ms-flex-direction: column;
  flex-direction: column;
  gap: var(--echoes-dimension-space-100);
}

.emotion-0 strong,
.emotion-0 b,
.emotion-0:is(strong, b) {
  font-weight: var(--echoes-font-weight-bold);
}

.emotion-0 em,
.emotion-0 i,
.emotion-0:is(em, i) {
  font-style: var(--echoes-font-weight-italic-style);
}

<span
  class="emotion-0 emotion-1"
>
  hi there
</span>
`;
